Hinst Name                               Module Name                                           Inst Count           Total Area               Buffer             Inverter        Combinational                 Flop                Latch           Clock Gate                Macro             Physical
---------------------------------------------------------------------------------------------------------------------------------------------------------------------------------------------------------------------------------------------------------------------------------------------------------------
lakespec                                                                                             2998             4189.930               15.967               23.869              361.428              845.067                0.000               20.120             2943.599                0.000
  clk_gate_config_memory_harden_reg      lakespec_SNPS_CLOCK_GATE_HIGH_lakespec_0                       8                9.314                0.202                0.000                0.000                9.112                0.000                9.112                0.000                0.000
  memintfdec_inst_0                      lakespec_memintfdec_0_0                                        0                0.000                0.000                0.000                0.000                0.000                0.000                0.000                0.000                0.000
  memintfdec_inst_1                      lakespec_memintfdec_1_0                                        0                0.000                0.000                0.000                0.000                0.000                0.000                0.000                0.000                0.000
  memoryport_0_storage_0                 lakespec_MemoryPort_9_0                                        0                0.000                0.000                0.000                0.000                0.000                0.000                0.000                0.000                0.000
  memoryport_1_storage_0                 lakespec_MemoryPort_10_0                                       0                0.000                0.000                0.000                0.000                0.000                0.000                0.000                0.000                0.000
  port_ag_0                              lakespec_addr_gen_6_9_0                                       66               28.022                0.161                0.242               18.991                8.628                0.000                0.645                0.000                0.000
    port_ag_0/add_x_1                    lakespec_addr_gen_6_9_0_DW01_add_J2_0_0                       10                6.492                0.000                0.000                6.492                0.000                0.000                0.000                0.000                0.000
    port_ag_0/clk_gate_current_addr_reg  lakespec_SNPS_CLOCK_GATE_HIGH_addr_gen_6_9_0_0                 1                0.645                0.000                0.000                0.000                0.645                0.000                0.645                0.000                0.000
  port_ag_1                              lakespec_addr_gen_6_9_1                                       66               28.022                0.484                0.081               18.829                8.628                0.000                0.645                0.000                0.000
    port_ag_1/add_x_1                    lakespec_addr_gen_6_9_0_DW01_add_J2_0_1                       10                6.492                0.000                0.000                6.492                0.000                0.000                0.000                0.000                0.000
    port_ag_1/clk_gate_current_addr_reg  lakespec_SNPS_CLOCK_GATE_HIGH_addr_gen_6_9_0_1                 2                0.806                0.161                0.000                0.000                0.645                0.000                0.645                0.000                0.000
  port_id_0                              lakespec_for_loop_6_16_0                                     464              161.119                2.137                2.580               61.811               94.591                0.000                4.113                0.000                0.000
    port_id_0/add_x_1                    lakespec_for_loop_6_16_0_DW01_inc_J2_0_0                      15                8.185                0.000                0.000                8.185                0.000                0.000                0.000                0.000                0.000
    port_id_0/clk_gate_dim_counter__reg_0_ lakespec_SNPS_CLOCK_GATE_HIGH_for_loop_6_16_0_0                1                0.685                0.000                0.000                0.000                0.685                0.000                0.685                0.000                0.000
    port_id_0/clk_gate_dim_counter__reg_1_ lakespec_SNPS_CLOCK_GATE_HIGH_for_loop_6_16_0_11               1                0.685                0.000                0.000                0.000                0.685                0.000                0.685                0.000                0.000
    port_id_0/clk_gate_dim_counter__reg_2_ lakespec_SNPS_CLOCK_GATE_HIGH_for_loop_6_16_0_10               1                0.685                0.000                0.000                0.000                0.685                0.000                0.685                0.000                0.000
    port_id_0/clk_gate_dim_counter__reg_3_ lakespec_SNPS_CLOCK_GATE_HIGH_for_loop_6_16_0_9                1                0.685                0.000                0.000                0.000                0.685                0.000                0.685                0.000                0.000
    port_id_0/clk_gate_dim_counter__reg_4_ lakespec_SNPS_CLOCK_GATE_HIGH_for_loop_6_16_0_8                1                0.685                0.000                0.000                0.000                0.685                0.000                0.685                0.000                0.000
    port_id_0/clk_gate_dim_counter__reg_5_ lakespec_SNPS_CLOCK_GATE_HIGH_for_loop_6_16_0_7                1                0.685                0.000                0.000                0.000                0.685                0.000                0.685                0.000                0.000
  port_id_1                              lakespec_for_loop_6_16_1                                     462              160.796                2.137                2.339               61.730               94.591                0.000                4.113                0.000                0.000
    port_id_1/add_x_1                    lakespec_for_loop_6_16_0_DW01_inc_J2_0_1                      15                8.185                0.000                0.000                8.185                0.000                0.000                0.000                0.000                0.000
    port_id_1/clk_gate_dim_counter__reg_0_ lakespec_SNPS_CLOCK_GATE_HIGH_for_loop_6_16_0_6                1                0.685                0.000                0.000                0.000                0.685                0.000                0.685                0.000                0.000
    port_id_1/clk_gate_dim_counter__reg_1_ lakespec_SNPS_CLOCK_GATE_HIGH_for_loop_6_16_0_5                1                0.685                0.000                0.000                0.000                0.685                0.000                0.685                0.000                0.000
    port_id_1/clk_gate_dim_counter__reg_2_ lakespec_SNPS_CLOCK_GATE_HIGH_for_loop_6_16_0_4                1                0.685                0.000                0.000                0.000                0.685                0.000                0.685                0.000                0.000
    port_id_1/clk_gate_dim_counter__reg_3_ lakespec_SNPS_CLOCK_GATE_HIGH_for_loop_6_16_0_3                1                0.685                0.000                0.000                0.000                0.685                0.000                0.685                0.000                0.000
    port_id_1/clk_gate_dim_counter__reg_4_ lakespec_SNPS_CLOCK_GATE_HIGH_for_loop_6_16_0_2                1                0.685                0.000                0.000                0.000                0.685                0.000                0.685                0.000                0.000
    port_id_1/clk_gate_dim_counter__reg_5_ lakespec_SNPS_CLOCK_GATE_HIGH_for_loop_6_16_0_1                1                0.685                0.000                0.000                0.000                0.685                0.000                0.685                0.000                0.000
  port_inst_0                            lakespec_Port_0_0                                              0                0.000                0.000                0.000                0.000                0.000                0.000                0.000                0.000                0.000
  port_inst_1                            lakespec_Port_1_0                                              0                0.000                0.000                0.000                0.000                0.000                0.000                0.000                0.000                0.000
  port_sg_0                              lakespec_sched_gen_6_16_True_0                               654              178.819                1.250                7.983               99.631               69.955                0.000                0.766                0.000                0.000
    port_sg_0/add_x_1                    lakespec_sched_gen_6_16_True_1_DW01_inc_J30_0_0              118               22.418                0.000                2.822               19.596                0.000                0.000                0.000                0.000                0.000
    port_sg_0/add_x_3                    lakespec_sched_gen_6_16_True_1_DW01_add_0_0                  204               32.700                0.202                3.629               28.869                0.000                0.000                0.000                0.000                0.000
    port_sg_0/clk_gate_current_cycle_reg lakespec_SNPS_CLOCK_GATE_HIGH_sched_gen_6_16_True_0_0          1                0.766                0.000                0.000                0.000                0.766                0.000                0.766                0.000                0.000
  port_sg_1                              lakespec_sched_gen_6_16_True_1                               637              178.255                0.968                7.177              100.195               69.915                0.000                0.726                0.000                0.000
    port_sg_1/add_x_1                    lakespec_sched_gen_6_16_True_0_DW01_inc_J30_0_0              117               22.337                0.000                2.742               19.596                0.000                0.000                0.000                0.000                0.000
    port_sg_1/add_x_3                    lakespec_sched_gen_6_16_True_0_DW01_add_0_0                  199               32.901                0.000                3.790               29.111                0.000                0.000                0.000                0.000                0.000
    port_sg_1/clk_gate_current_cycle_reg lakespec_SNPS_CLOCK_GATE_HIGH_sched_gen_6_16_True_0_1          1                0.726                0.000                0.000                0.000                0.726                0.000                0.726                0.000                0.000
  storage                                lakespec_SingleBankStorage_8_0                                22             2945.333                0.000                1.613                0.121                0.000                0.000                0.000             2943.599                0.000
